990644607
990644606
989891913
989891807
989891704
989891501
989891388
989891299
989889824
989879173
989878358
989874826
989870445
989861309
989163977
988931534
988931533
988931532
988931531
988931530
988931529
988931528
988931527
988931526
988931525
988931524
988931523
988931522
988931521
988931520
988931519
988931518
988931517
988931516
988931515
988931514
988931513
988931512
988931511
988931510
988931509
988931508
988931507
988931506
988931505
988931503
988931502
988931501
988931500
988931499
988931498
988931497
988931496
988931495
988931494
988931493
988931492
988931491
988931490
988931489
988931488
988931487
988931486
988931485
988931484
988931483
988931482
988931481
988931480
988931479
988931478
988931477
988931476
988931475
988931474
988931473
988931472
988931471
988931470
988931469
988931468
988931467
988931466
988931465
988931464
988931463
988931462
988931461
988931460
988931459
988931458
988931457
988931456
988931455
988931454
988931453
988931452
988931451
988931450
988931449
988931448
988931447
988931446
988931445
988931444
988931443
988931442
988931441
988931440
988931439
988931438
988931437
988931436
988931435
988931434
988931433
988931432
988931431
988931430
988931429
988931428
988931427
988931426
988931425
988931424
988931423
988931422
988931421
988931420
988931419
988931418
988931417
988931416
988931415
988931414
988931413
988931412
988931411
988931410
988931409
988931408
988931407
988931406
988931405
988931404
988931403
988931402
988931401
988931400
988931399
988931398
988931397
988931396
988931395
988931394
988931393
988931392
988931391
988931390
988931389
988931388
988931387
988931386
988931385
988931384
988931383
988931382
988931381
988931380
988931379
988931378
988931377
988931376
988931375
988931374
988931373
988931372
988931371
988931370
988931369
988931368
988931367
988931366
988931365
988931364
988931363
988931362
988931361
988931360
988931359
988931358
988931357
988931356
988931355
988931354
988931353
988931352
988931351
988931350
988931349
988931348
988931347
988931346
988931345
988931344
988931343
988931341
988931340
988931339
988931338
988931337
988931336
988931335
988931334
988931333
988931332
988931331
988931330
988931329
988931328
988931327
988931326
988931325
988931324
988931323
988931322
988931321
990644607
990644606
989891913
989891807
989891704
989891501
989891388
989891299
989889824
989879173
989878358
989874826
989870445
989861309
989163977
988931534
988931533
988931532
988931531
988931530
988931529
988931528
988931527
988931526
988931525
988931524
988931523
988931522
988931521
988931520
988931519
988931518
988931517
988931516
988931515
988931514
988931513
988931512
988931511
988931510
988931509
988931508
988931507
988931506
988931505
988931503
988931502
988931501
988931500
988931499
988931498
988931497
988931496
988931495
988931494
988931493
988931492
988931491
988931490
988931489
988931488
988931487
988931486
988931485
988931484
988931483
988931482
988931481
988931480
988931479
988931478
988931477
988931476
988931475
988931474
988931473
988931472
988931471
988931470
988931469
988931468
988931467
988931466
988931465
988931464
988931463
988931462
988931461
988931460
988931459
988931458
988931457
988931456
988931455
988931454
988931453
988931452
988931451
988931450
988931449
988931448
988931447
988931446
988931445
988931444
988931443
988931442
988931441
988931440
988931439
988931438
988931437
988931436
988931435
988931434
988931433
988931432
988931431
988931430
988931429
988931428
988931427
988931426
988931425
988931424
988931423
988931422
988931421
988931420
988931419
988931418
988931417
988931416
988931415
988931414
988931413
988931412
988931411
988931410
988931409
988931408
988931407
988931406
988931405
988931404
988931403
988931402
988931401
988931400
988931399
988931398
988931397
988931396
988931395
988931394
988931393
988931392
988931391
988931390
988931389
988931388
988931387
988931386
988931385
988931384
988931383
988931382
988931381
988931380
988931379
988931378
988931377
988931376
988931375
988931374
988931373
988931372
988931371
988931370
988931369
988931368
988931367
988931366
988931365
988931364
988931363
988931362
988931361
988931360
988931359
988931358
988931357
988931356
988931355
988931354
988931353
988931352
988931351
988931350
988931349
988931348
988931347
988931346
988931345
988931344
988931343
988931341
988931340
988931339
988931338
988931337
988931336
988931335
988931334
988931333
988931332
988931331
988931330
988931329
988931328
988931327
988931326
988931325
988931324
988931323
988931322
988931321
991377896
991364634
991363705
